0001-01-01 00:00:00.000 [warn]    somefile="blah bla\x01h blah"