0001-01-01 00:00:00.000 [warn]    funky^%&^&^key=value  funky^%&^&^key2="@#\t \t \n"