0001-01-01 00:00:00.000 [info]  msg ...
field= line1
       line2