0001-01-01 00:00:00.000 [warn]  some.cat: meow  breath=stinky