0001-01-01 00:00:00.000 [warn]    space_in_my_key="value in my value"